"","V1","V2"
"1",1,0.181818181818182
"2",0.0357142857142857,1
