"","V1","V2"
"1",0,0.454545454545455
"2",0.0714285714285714,0
