"","competition.index.1","competition.index.2","complementarity.index.1","complementarity.index.2"
"1",1,0.181818181818182,0,0.454545454545455
"2",0.0357142857142857,1,0.0714285714285714,0
